// Jest Snapshot v1, https://goo.gl/fbAQLP

exports[`NavBar Component deber√≠a coincidir con la snapshot 1`] = `
<DocumentFragment>
  <div
    class="root"
  >
    <h3>
      42i Chalenge
    </h3>
    <a
      href="coverage\\lcov-report\\index.html"
    >
      Jest Coverage
    </a>
  </div>
</DocumentFragment>
`;
